// Jest Snapshot v1, https://goo.gl/fbAQLP

exports[`ShareModule matches snapshot 1`] = `
<div>
  <div
    class="form-share"
  >
    <form
      autocomplete="off"
      novalidate=""
    >
      <label
        class="label"
        for="url"
      >
        Youtube URL
        <input
          class="input"
          id="url"
          name="url"
          placeholder="Enter URL"
          type="url"
          value=""
        />
      </label>
      <button
        class="btn btn-share"
        type="submit"
      >
        Share
      </button>
    </form>
  </div>
</div>
`;
